\BOOKMARK [1][-]{section.1}{\376\377\000M\000o\000t\000i\000v\000a\000t\000i\000o\000n\000\040\000a\000n\000d\000\040\000R\000e\000s\000e\000a\000r\000c\000h\000\040\000Q\000u\000e\000s\000t\000i\000o\000n}{}% 1
\BOOKMARK [1][-]{section.2}{\376\377\000D\000a\000t\000a\000\040\000P\000i\000p\000e\000l\000i\000n\000e}{}% 2
\BOOKMARK [2][-]{subsection.2.1}{\376\377\000D\000i\000s\000c\000l\000o\000s\000u\000r\000e\000s\000\040\000\050\000d\000a\000t\000a\000/\000d\000i\000s\000c\000l\000o\000s\000u\000r\000e\000s\000.\000p\000y\000\051}{section.2}% 3
\BOOKMARK [2][-]{subsection.2.2}{\376\377\000P\000r\000i\000c\000e\000s\000\040\000\050\000d\000a\000t\000a\000/\000p\000r\000i\000c\000e\000s\000.\000p\000y\000\051}{section.2}% 4
\BOOKMARK [1][-]{section.3}{\376\377\000T\000h\000r\000e\000e\000\040\000S\000t\000r\000a\000t\000e\000g\000i\000e\000s}{}% 5
\BOOKMARK [1][-]{section.4}{\376\377\000T\000h\000e\000\040\000B\000l\000a\000c\000k\000-\000L\000i\000t\000t\000e\000r\000m\000a\000n\000\040\000M\000o\000d\000e\000l}{}% 6
\BOOKMARK [2][-]{subsection.4.1}{\376\377\000E\000q\000u\000i\000l\000i\000b\000r\000i\000u\000m\000\040\000P\000r\000i\000o\000r}{section.4}% 7
\BOOKMARK [2][-]{subsection.4.2}{\376\377\000V\000i\000e\000w\000s\000\040\000f\000r\000o\000m\000\040\000D\000i\000s\000c\000l\000o\000s\000u\000r\000e\000s}{section.4}% 8
\BOOKMARK [2][-]{subsection.4.3}{\376\377\000P\000o\000s\000t\000e\000r\000i\000o\000r\000\040\000U\000p\000d\000a\000t\000e}{section.4}% 9
\BOOKMARK [1][-]{section.5}{\376\377\000W\000a\000l\000k\000-\000F\000o\000r\000w\000a\000r\000d\000\040\000B\000a\000c\000k\000t\000e\000s\000t\000\040\000E\000n\000g\000i\000n\000e}{}% 10
\BOOKMARK [2][-]{subsection.5.1}{\376\377\000D\000e\000s\000i\000g\000n\000\040\000a\000n\000d\000\040\000L\000o\000o\000k\000a\000h\000e\000a\000d\000-\000B\000i\000a\000s\000\040\000P\000r\000e\000v\000e\000n\000t\000i\000o\000n}{section.5}% 11
\BOOKMARK [2][-]{subsection.5.2}{\376\377\000C\000o\000n\000f\000i\000g\000u\000r\000a\000t\000i\000o\000n}{section.5}% 12
\BOOKMARK [2][-]{subsection.5.3}{\376\377\000O\000u\000t\000p\000u\000t}{section.5}% 13
\BOOKMARK [1][-]{section.6}{\376\377\000P\000e\000r\000f\000o\000r\000m\000a\000n\000c\000e\000\040\000M\000e\000t\000r\000i\000c\000s}{}% 14
\BOOKMARK [1][-]{section.7}{\376\377\000A\000n\000a\000l\000y\000s\000i\000s\000\040\000N\000o\000t\000e\000b\000o\000o\000k\000s}{}% 15
\BOOKMARK [2][-]{subsection.7.1}{\376\377\000N\000o\000t\000e\000b\000o\000o\000k\000\040\0000\0001\000\040\040\024\000\040\000D\000a\000t\000a\000\040\000Q\000u\000a\000l\000i\000t\000y\000\040\000\046\000\040\000U\000n\000i\000v\000e\000r\000s\000e\000\040\000O\000v\000e\000r\000v\000i\000e\000w}{section.7}% 16
\BOOKMARK [2][-]{subsection.7.2}{\376\377\000N\000o\000t\000e\000b\000o\000o\000k\000\040\0000\0002\000\040\040\024\000\040\000S\000t\000r\000a\000t\000e\000g\000y\000\040\000C\000o\000m\000p\000a\000r\000i\000s\000o\000n\000\040\000C\000a\000s\000e\000\040\000S\000t\000u\000d\000y}{section.7}% 17
\BOOKMARK [2][-]{subsection.7.3}{\376\377\000N\000o\000t\000e\000b\000o\000o\000k\000\040\0000\0003\000\040\040\024\000\040\000B\000l\000a\000c\000k\000-\000L\000i\000t\000t\000e\000r\000m\000a\000n\000\040\000S\000e\000n\000s\000i\000t\000i\000v\000i\000t\000y\000\040\000A\000n\000a\000l\000y\000s\000i\000s}{section.7}% 18
\BOOKMARK [2][-]{subsection.7.4}{\376\377\000N\000o\000t\000e\000b\000o\000o\000k\000\040\0000\0004\000\040\040\024\000\040\000B\000e\000n\000c\000h\000m\000a\000r\000k\000\040\000A\000t\000t\000r\000i\000b\000u\000t\000i\000o\000n\000\040\000\046\000\040\000A\000l\000p\000h\000a\000\040\000D\000e\000c\000o\000m\000p\000o\000s\000i\000t\000i\000o\000n}{section.7}% 19
\BOOKMARK [1][-]{section.8}{\376\377\000C\000o\000d\000e\000b\000a\000s\000e\000\040\000A\000r\000c\000h\000i\000t\000e\000c\000t\000u\000r\000e}{}% 20
\BOOKMARK [2][-]{subsection.8.1}{\376\377\000P\000a\000c\000k\000a\000g\000e\000\040\000L\000a\000y\000o\000u\000t}{section.8}% 21
\BOOKMARK [2][-]{subsection.8.2}{\376\377\000Q\000u\000a\000l\000i\000t\000y\000\040\000a\000n\000d\000\040\000O\000b\000s\000e\000r\000v\000a\000b\000i\000l\000i\000t\000y}{section.8}% 22
\BOOKMARK [2][-]{subsection.8.3}{\376\377\000C\000L\000I\000\040\000Q\000u\000i\000c\000k\000-\000S\000t\000a\000r\000t}{section.8}% 23
\BOOKMARK [1][-]{section.9}{\376\377\000K\000n\000o\000w\000n\000\040\000L\000i\000m\000i\000t\000a\000t\000i\000o\000n\000\040\000a\000n\000d\000\040\000E\000x\000t\000e\000n\000s\000i\000o\000n\000s}{}% 24
\BOOKMARK [1][-]{section.10}{\376\377\000S\000u\000m\000m\000a\000r\000y}{}% 25
